compute#operation: insert in progress, 2 seconds elapsed
compute#operation: insert complete
compute#operation: insert in progress, 2 seconds elapsed
compute#operation: insert complete
compute#operation: insert in progress, 2 seconds elapsed
compute#operation: insert complete
compute#operation: insert in progress, 2 seconds elapsed
compute#operation: insert complete
compute#operation: insert in progress, 2 seconds elapsed
compute#operation: insert complete
compute#operation: insert in progress, 2 seconds elapsed
compute#operation: insert complete
compute#operation: insert in progress, 2 seconds elapsed
compute#operation: insert complete
compute#operation: insert in progress, 2 seconds elapsed
compute#operation: insert complete
compute#operation: insert in progress, 2 seconds elapsed
compute#operation: insert complete
compute#operation: insert in progress, 2 seconds elapsed
compute#operation: insert complete
compute#operation: insert in progress, 2 seconds elapsed
compute#operation: insert complete
