cc
demo,demo,demo,demo,demo,p2-d,p2-d,p2-d,p2-d,p2-d,p3-d,p3-d,p3-d,p3-d lalala
