compute#operation: delete in progress, 2 seconds elapsed
compute#operation: delete complete
